// Jest Snapshot v1, https://goo.gl/fbAQLP

exports[`test PriceList component should render the component to match snapshot 1`] = `
<ul
  className="list-group list-group-flush"
>
  <li
    className="list-group-item d-flex justify-content-between align-items-center"
  >
    <span
      className="col-1"
    >
      <Ionicon
        beat={false}
        className="rounded-circle"
        color="#fff"
        fontSize="30px"
        icon="ios-plane"
        rotate={false}
        shake={false}
        style={
          Object {
            "backgroundColor": "#007bff",
            "padding": "5px",
          }
        }
      />
    </span>
    <span
      className="col-5"
    >
      去云南旅游
    </span>
    <span
      className="col-2 font-weight-bold"
    >
      -
      200
      元
    </span>
    <span
      className="col-2"
    >
      2020-12-10
    </span>
    <a
      className="col-1"
      onClick={[Function]}
    >
      <Ionicon
        beat={false}
        className="rounded-circle"
        color="#fff"
        fontSize="30px"
        icon="ios-create-outline"
        rotate={false}
        shake={false}
        style={
          Object {
            "backgroundColor": "#28a745",
            "cursor": "pointer",
            "padding": "5px",
          }
        }
      />
    </a>
    <a
      className="col-1"
      onClick={[Function]}
    >
      <Ionicon
        beat={false}
        className="rounded-circle"
        color="#fff"
        fontSize="30px"
        icon="ios-close"
        rotate={false}
        shake={false}
        style={
          Object {
            "backgroundColor": "#dc3545",
            "cursor": "pointer",
            "padding": "5px",
          }
        }
      />
    </a>
  </li>
  <li
    className="list-group-item d-flex justify-content-between align-items-center"
  >
    <span
      className="col-1"
    >
      <Ionicon
        beat={false}
        className="rounded-circle"
        color="#fff"
        fontSize="30px"
        icon="ios-plane"
        rotate={false}
        shake={false}
        style={
          Object {
            "backgroundColor": "#007bff",
            "padding": "5px",
          }
        }
      />
    </span>
    <span
      className="col-5"
    >
      去云南旅游
    </span>
    <span
      className="col-2 font-weight-bold"
    >
      -
      400
      元
    </span>
    <span
      className="col-2"
    >
      2020-12-1
    </span>
    <a
      className="col-1"
      onClick={[Function]}
    >
      <Ionicon
        beat={false}
        className="rounded-circle"
        color="#fff"
        fontSize="30px"
        icon="ios-create-outline"
        rotate={false}
        shake={false}
        style={
          Object {
            "backgroundColor": "#28a745",
            "cursor": "pointer",
            "padding": "5px",
          }
        }
      />
    </a>
    <a
      className="col-1"
      onClick={[Function]}
    >
      <Ionicon
        beat={false}
        className="rounded-circle"
        color="#fff"
        fontSize="30px"
        icon="ios-close"
        rotate={false}
        shake={false}
        style={
          Object {
            "backgroundColor": "#dc3545",
            "cursor": "pointer",
            "padding": "5px",
          }
        }
      />
    </a>
  </li>
  <li
    className="list-group-item d-flex justify-content-between align-items-center"
  >
    <span
      className="col-1"
    >
      <Ionicon
        beat={false}
        className="rounded-circle"
        color="#fff"
        fontSize="30px"
        icon="logo-yen"
        rotate={false}
        shake={false}
        style={
          Object {
            "backgroundColor": "#007bff",
            "padding": "5px",
          }
        }
      />
    </span>
    <span
      className="col-5"
    >
      理财收入
    </span>
    <span
      className="col-2 font-weight-bold"
    >
      +
      400
      元
    </span>
    <span
      className="col-2"
    >
      2020-12-22
    </span>
    <a
      className="col-1"
      onClick={[Function]}
    >
      <Ionicon
        beat={false}
        className="rounded-circle"
        color="#fff"
        fontSize="30px"
        icon="ios-create-outline"
        rotate={false}
        shake={false}
        style={
          Object {
            "backgroundColor": "#28a745",
            "cursor": "pointer",
            "padding": "5px",
          }
        }
      />
    </a>
    <a
      className="col-1"
      onClick={[Function]}
    >
      <Ionicon
        beat={false}
        className="rounded-circle"
        color="#fff"
        fontSize="30px"
        icon="ios-close"
        rotate={false}
        shake={false}
        style={
          Object {
            "backgroundColor": "#dc3545",
            "cursor": "pointer",
            "padding": "5px",
          }
        }
      />
    </a>
  </li>
</ul>
`;
