// Jest Snapshot v1, https://goo.gl/fbAQLP

exports[`test ViewTab component should render the component to match snapshot 1`] = `
<ul
  className="nav nav-tabs nav-fill my-4"
>
  <li
    className="nav-item"
  >
    <a
      className="nav-link active"
      href="#"
      onClick={[Function]}
    >
      <Ionicon
        beat={false}
        className="rounded-circle mr-2"
        color="#007bff"
        fontSize="25px"
        icon="ios-paper"
        rotate={false}
        shake={false}
        style={Object {}}
      />
      <span
        style={
          Object {
            "color": "#007bff",
          }
        }
      >
        列表模式
      </span>
    </a>
  </li>
  <li
    className="nav-item"
  >
    <a
      className="nav-link"
      href="#"
      onClick={[Function]}
    >
      <Ionicon
        beat={false}
        className="rounded-circle mr-2"
        color="black"
        fontSize="25px"
        icon="ios-pie"
        rotate={false}
        shake={false}
        style={Object {}}
      />
      <span
        style={
          Object {
            "color": "black",
          }
        }
      >
        图表模式
      </span>
    </a>
  </li>
</ul>
`;
